[1.277s] Invoking command in '/home/Platooning-F1Tenth/build/racecar_description': /usr/bin/cmake /home/Platooning-F1Tenth/src/simulator/racecar-simulator/racecar_description -DCATKIN_INSTALL_INTO_PREFIX_ROOT=0 -DCMAKE_INSTALL_PREFIX=/home/Platooning-F1Tenth/install/racecar_description
[2.089s] -- The C compiler identification is GNU 9.4.0
[2.809s] -- The CXX compiler identification is GNU 9.4.0
[2.843s] -- Check for working C compiler: /usr/bin/cc
[4.223s] -- Check for working C compiler: /usr/bin/cc -- works
[4.228s] -- Detecting C compiler ABI info
[5.336s] -- Detecting C compiler ABI info - done
[5.398s] -- Detecting C compile features
[5.402s] -- Detecting C compile features - done
[5.424s] -- Check for working CXX compiler: /usr/bin/c++
[7.228s] -- Check for working CXX compiler: /usr/bin/c++ -- works
[7.232s] -- Detecting CXX compiler ABI info
[9.762s] -- Detecting CXX compiler ABI info - done
[9.846s] -- Detecting CXX compile features
[9.851s] -- Detecting CXX compile features - done
[9.967s] -- Using CATKIN_DEVEL_PREFIX: /home/Platooning-F1Tenth/build/racecar_description/devel
[9.986s] -- Using CMAKE_PREFIX_PATH: /opt/ros/noetic
[9.999s] -- This workspace overlays: /opt/ros/noetic
[10.959s] -- Found PythonInterp: /usr/bin/python3 (found suitable version "3.8.10", minimum required is "3") 
[10.986s] -- Using PYTHON_EXECUTABLE: /usr/bin/python3
[10.989s] -- Using Debian Python package layout
[11.528s] -- Found PY_em: /usr/lib/python3/dist-packages/em.py  
[11.549s] -- Using empy: /usr/lib/python3/dist-packages/em.py
[13.659s] -- Using CATKIN_ENABLE_TESTING: ON
[13.662s] -- Call enable_testing()
[13.723s] -- Using CATKIN_TEST_RESULTS_DIR: /home/Platooning-F1Tenth/build/racecar_description/test_results
[20.622s] -- Forcing gtest/gmock from source, though one was otherwise available.
[20.626s] -- Found gtest sources under '/usr/src/googletest': gtests will be built
[20.630s] -- Found gmock sources under '/usr/src/googletest': gmock will be built
[20.808s] -- Found PythonInterp: /usr/bin/python3 (found version "3.8.10") 
[20.812s] -- Found Threads: TRUE  
[20.832s] -- Using Python nosetests: /usr/bin/nosetests3
[21.045s] -- catkin 0.8.12
[21.046s] -- BUILD_SHARED_LIBS is on
[22.246s] WARNING: package 'gazebo_ros' is deprecated (This package has been deprecated as of January 2025 with Gazebo classic 11 reaching
[22.254s]       end-of-life. Users are highly encouraged to migrate to the new Gazebo
[22.256s]       using our migration guides (https://gazebosim.org/docs/latest/gazebo_classic_migration))
[22.465s] -- Using these message generators: gencpp;geneus;genlisp;gennodejs;genpy
[22.555s] WARNING: package 'gazebo_msgs' is deprecated (This package has been deprecated as of January 2025 with Gazebo classic 11 reaching
[22.555s]       end-of-life. Users are highly encouraged to migrate to the new Gazebo
[22.556s]       using our migration guides (https://gazebosim.org/docs/latest/gazebo_classic_migration))
[23.768s] -- Configuring done
[24.613s] -- Generating done
[25.108s] -- Build files have been written to: /home/Platooning-F1Tenth/build/racecar_description
