-- The C compiler identification is GNU 9.4.0
-- The CXX compiler identification is GNU 9.4.0
-- Check for working C compiler: /usr/bin/cc
-- Check for working C compiler: /usr/bin/cc -- works
-- Detecting C compiler ABI info
-- Detecting C compiler ABI info - done
-- Detecting C compile features
-- Detecting C compile features - done
-- Check for working CXX compiler: /usr/bin/c++
-- Check for working CXX compiler: /usr/bin/c++ -- works
-- Detecting CXX compiler ABI info
-- Detecting CXX compiler ABI info - done
-- Detecting CXX compile features
-- Detecting CXX compile features - done
-- Using CATKIN_DEVEL_PREFIX: /home/Platooning-F1Tenth/build/racecar/devel
-- Using CMAKE_PREFIX_PATH: /opt/ros/noetic
-- This workspace overlays: /opt/ros/noetic
-- Found PythonInterp: /usr/bin/python3 (found suitable version "3.8.10", minimum required is "3") 
-- Using PYTHON_EXECUTABLE: /usr/bin/python3
-- Using Debian Python package layout
-- Found PY_em: /usr/lib/python3/dist-packages/em.py  
-- Using empy: /usr/lib/python3/dist-packages/em.py
-- Using CATKIN_ENABLE_TESTING: ON
-- Call enable_testing()
-- Using CATKIN_TEST_RESULTS_DIR: /home/Platooning-F1Tenth/build/racecar/test_results
-- Forcing gtest/gmock from source, though one was otherwise available.
-- Found gtest sources under '/usr/src/googletest': gtests will be built
-- Found gmock sources under '/usr/src/googletest': gmock will be built
-- Found PythonInterp: /usr/bin/python3 (found version "3.8.10") 
-- Found Threads: TRUE  
-- Using Python nosetests: /usr/bin/nosetests3
-- catkin 0.8.12
-- BUILD_SHARED_LIBS is on
-- Configuring done
-- Generating done
-- Build files have been written to: /home/Platooning-F1Tenth/build/racecar
[35m[1mScanning dependencies of target tests[0m
Built target tests
-- Install configuration: ""
-- Installing: /home/Platooning-F1Tenth/install/racecar/lib/pkgconfig/racecar.pc
-- Installing: /home/Platooning-F1Tenth/install/racecar/share/racecar/cmake/racecarConfig.cmake
-- Installing: /home/Platooning-F1Tenth/install/racecar/share/racecar/cmake/racecarConfig-version.cmake
-- Installing: /home/Platooning-F1Tenth/install/racecar/share/racecar/package.xml
-- Installing: /home/Platooning-F1Tenth/install/racecar/share/racecar/launch
-- Installing: /home/Platooning-F1Tenth/install/racecar/share/racecar/launch/mux.launch
-- Installing: /home/Platooning-F1Tenth/install/racecar/share/racecar/launch/teleop.launch
-- Installing: /home/Platooning-F1Tenth/install/racecar/share/racecar/launch/replay_bag_file
-- Installing: /home/Platooning-F1Tenth/install/racecar/share/racecar/launch/replay_bag_file/replay_bag_mapping.launch
-- Installing: /home/Platooning-F1Tenth/install/racecar/share/racecar/launch/replay_bag_file/replay_bag_file.launch
-- Installing: /home/Platooning-F1Tenth/install/racecar/share/racecar/launch/replay_bag_file/replay_bag_with_lidar_processing.launch
-- Installing: /home/Platooning-F1Tenth/install/racecar/share/racecar/launch/includes
-- Installing: /home/Platooning-F1Tenth/install/racecar/share/racecar/launch/includes/racecar-v2
-- Installing: /home/Platooning-F1Tenth/install/racecar/share/racecar/launch/includes/racecar-v2/vesc.launch.xml
-- Installing: /home/Platooning-F1Tenth/install/racecar/share/racecar/launch/includes/racecar-v2/static_transforms.launch.xml
-- Installing: /home/Platooning-F1Tenth/install/racecar/share/racecar/launch/includes/common
-- Installing: /home/Platooning-F1Tenth/install/racecar/share/racecar/launch/includes/common/sensors.launch.xml
-- Installing: /home/Platooning-F1Tenth/install/racecar/share/racecar/launch/includes/common/joy_teleop.launch.xml
-- Installing: /home/Platooning-F1Tenth/install/racecar/share/racecar/launch/includes/racecar-v2-teleop.launch.xml
-- Installing: /home/Platooning-F1Tenth/install/racecar/share/racecar/launch/known_map_localization.launch
-- Installing: /home/Platooning-F1Tenth/install/racecar/share/racecar/launch/mux_gen.launch
-- Installing: /home/Platooning-F1Tenth/install/racecar/share/racecar/config
-- Installing: /home/Platooning-F1Tenth/install/racecar/share/racecar/config/racecar-v2
-- Installing: /home/Platooning-F1Tenth/install/racecar/share/racecar/config/racecar-v2/low_level_mux.yaml
-- Installing: /home/Platooning-F1Tenth/install/racecar/share/racecar/config/racecar-v2/sensors.yaml
-- Installing: /home/Platooning-F1Tenth/install/racecar/share/racecar/config/racecar-v2/joy_teleop.yaml
-- Installing: /home/Platooning-F1Tenth/install/racecar/share/racecar/config/racecar-v2/vesc.yaml
-- Installing: /home/Platooning-F1Tenth/install/racecar/share/racecar/config/racecar-v2/vesc_new.yaml
-- Installing: /home/Platooning-F1Tenth/install/racecar/share/racecar/config/racecar-v2/high_level_mux.yaml
-- Installing: /home/Platooning-F1Tenth/install/racecar/share/racecar/rviz
-- Installing: /home/Platooning-F1Tenth/install/racecar/share/racecar/rviz/known_map_localization.rviz
-- Installing: /home/Platooning-F1Tenth/install/racecar/share/racecar/rviz/mapping.rviz
-- Installing: /home/Platooning-F1Tenth/install/racecar/share/racecar/rviz/laser_scan_matcher.rviz
