[0.109s] Invoking command in '/home/Platooning-F1Tenth/build/particle_filter': /usr/bin/cmake /home/Platooning-F1Tenth/src/particle_filter -DCATKIN_INSTALL_INTO_PREFIX_ROOT=0 -DCMAKE_INSTALL_PREFIX=/home/Platooning-F1Tenth/install/particle_filter
[1.011s] -- The C compiler identification is GNU 9.4.0
[1.554s] -- The CXX compiler identification is GNU 9.4.0
[1.574s] -- Check for working C compiler: /usr/bin/cc
[2.450s] -- Check for working C compiler: /usr/bin/cc -- works
[2.452s] -- Detecting C compiler ABI info
[3.185s] -- Detecting C compiler ABI info - done
[3.206s] -- Detecting C compile features
[3.207s] -- Detecting C compile features - done
[3.216s] -- Check for working CXX compiler: /usr/bin/c++
[3.924s] -- Check for working CXX compiler: /usr/bin/c++ -- works
[3.928s] -- Detecting CXX compiler ABI info
[4.738s] -- Detecting CXX compiler ABI info - done
[4.775s] -- Detecting CXX compile features
[4.776s] -- Detecting CXX compile features - done
[4.788s] -- Using CATKIN_DEVEL_PREFIX: /home/Platooning-F1Tenth/build/particle_filter/devel
[4.799s] -- Using CMAKE_PREFIX_PATH: /opt/ros/noetic
[4.800s] -- This workspace overlays: /opt/ros/noetic
[4.950s] -- Found PythonInterp: /usr/bin/python3 (found suitable version "3.8.10", minimum required is "3") 
[4.950s] -- Using PYTHON_EXECUTABLE: /usr/bin/python3
[4.950s] -- Using Debian Python package layout
[5.098s] -- Found PY_em: /usr/lib/python3/dist-packages/em.py  
[5.099s] -- Using empy: /usr/lib/python3/dist-packages/em.py
[5.650s] -- Using CATKIN_ENABLE_TESTING: ON
[5.653s] -- Call enable_testing()
[5.670s] -- Using CATKIN_TEST_RESULTS_DIR: /home/Platooning-F1Tenth/build/particle_filter/test_results
[8.969s] -- Forcing gtest/gmock from source, though one was otherwise available.
[8.974s] -- Found gtest sources under '/usr/src/googletest': gtests will be built
[8.975s] -- Found gmock sources under '/usr/src/googletest': gmock will be built
[9.256s] -- Found PythonInterp: /usr/bin/python3 (found version "3.8.10") 
[9.258s] -- Found Threads: TRUE  
[9.272s] -- Using Python nosetests: /usr/bin/nosetests3
[9.522s] -- catkin 0.8.12
[9.523s] -- BUILD_SHARED_LIBS is on
[12.533s] -- Configuring done
[12.968s] -- Generating done
[13.169s] -- Build files have been written to: /home/Platooning-F1Tenth/build/particle_filter
[13.585s] Invoked command in '/home/Platooning-F1Tenth/build/particle_filter' returned '0': /usr/bin/cmake /home/Platooning-F1Tenth/src/particle_filter -DCATKIN_INSTALL_INTO_PREFIX_ROOT=0 -DCMAKE_INSTALL_PREFIX=/home/Platooning-F1Tenth/install/particle_filter
[13.592s] Invoking command in '/home/Platooning-F1Tenth/build/particle_filter': /usr/bin/cmake --build /home/Platooning-F1Tenth/build/particle_filter -- -j10 -l10
[13.678s] Invoked command in '/home/Platooning-F1Tenth/build/particle_filter' returned '0': /usr/bin/cmake --build /home/Platooning-F1Tenth/build/particle_filter -- -j10 -l10
[13.693s] Invoking command in '/home/Platooning-F1Tenth/build/particle_filter': /usr/bin/cmake --build /home/Platooning-F1Tenth/build/particle_filter --target tests -- -j10 -l10
[14.080s] [35m[1mScanning dependencies of target tests[0m
[14.082s] Built target tests
[14.171s] Invoked command in '/home/Platooning-F1Tenth/build/particle_filter' returned '0': /usr/bin/cmake --build /home/Platooning-F1Tenth/build/particle_filter --target tests -- -j10 -l10
[14.181s] Invoking command in '/home/Platooning-F1Tenth/build/particle_filter': /usr/bin/cmake --install /home/Platooning-F1Tenth/build/particle_filter
[14.346s] -- Install configuration: ""
[14.347s] -- Installing: /home/Platooning-F1Tenth/install/particle_filter/lib/pkgconfig/particle_filter.pc
[14.349s] -- Installing: /home/Platooning-F1Tenth/install/particle_filter/share/particle_filter/cmake/particle_filterConfig.cmake
[14.349s] -- Installing: /home/Platooning-F1Tenth/install/particle_filter/share/particle_filter/cmake/particle_filterConfig-version.cmake
[14.351s] -- Installing: /home/Platooning-F1Tenth/install/particle_filter/share/particle_filter/package.xml
[14.352s] -- Installing: /home/Platooning-F1Tenth/install/particle_filter/lib/particle_filter/particle_filter.py
[14.353s] -- Installing: /home/Platooning-F1Tenth/install/particle_filter/lib/particle_filter/utils.py
[14.354s] -- Installing: /home/Platooning-F1Tenth/install/particle_filter/share/particle_filter/launch
[14.355s] -- Installing: /home/Platooning-F1Tenth/install/particle_filter/share/particle_filter/launch/map_server.launch
[14.358s] -- Installing: /home/Platooning-F1Tenth/install/particle_filter/share/particle_filter/launch/slime.launch
[14.359s] -- Installing: /home/Platooning-F1Tenth/install/particle_filter/share/particle_filter/launch/localize.launch
[14.361s] -- Installing: /home/Platooning-F1Tenth/install/particle_filter/share/particle_filter/maps
[14.369s] -- Installing: /home/Platooning-F1Tenth/install/particle_filter/share/particle_filter/maps/basement_fixed.map.yaml
[14.371s] -- Installing: /home/Platooning-F1Tenth/install/particle_filter/share/particle_filter/rviz
[14.373s] -- Installing: /home/Platooning-F1Tenth/install/particle_filter/share/particle_filter/rviz/pf.rviz
[14.411s] Invoked command in '/home/Platooning-F1Tenth/build/particle_filter' returned '0': /usr/bin/cmake --install /home/Platooning-F1Tenth/build/particle_filter
