-- The C compiler identification is GNU 9.4.0
-- The CXX compiler identification is GNU 9.4.0
-- Check for working C compiler: /usr/bin/cc
-- Check for working C compiler: /usr/bin/cc -- works
-- Detecting C compiler ABI info
-- Detecting C compiler ABI info - done
-- Detecting C compile features
-- Detecting C compile features - done
-- Check for working CXX compiler: /usr/bin/c++
-- Check for working CXX compiler: /usr/bin/c++ -- works
-- Detecting CXX compiler ABI info
-- Detecting CXX compiler ABI info - done
-- Detecting CXX compile features
-- Detecting CXX compile features - done
-- Using CATKIN_DEVEL_PREFIX: /home/Platooning-F1Tenth/build/multi_object_tracking_lidar/devel
-- Using CMAKE_PREFIX_PATH: /opt/ros/noetic
-- This workspace overlays: /opt/ros/noetic
-- Found PythonInterp: /usr/bin/python3 (found suitable version "3.8.10", minimum required is "3") 
-- Using PYTHON_EXECUTABLE: /usr/bin/python3
-- Using Debian Python package layout
-- Found PY_em: /usr/lib/python3/dist-packages/em.py  
-- Using empy: /usr/lib/python3/dist-packages/em.py
-- Using CATKIN_ENABLE_TESTING: ON
-- Call enable_testing()
-- Using CATKIN_TEST_RESULTS_DIR: /home/Platooning-F1Tenth/build/multi_object_tracking_lidar/test_results
-- Forcing gtest/gmock from source, though one was otherwise available.
-- Found gtest sources under '/usr/src/googletest': gtests will be built
-- Found gmock sources under '/usr/src/googletest': gmock will be built
-- Found PythonInterp: /usr/bin/python3 (found version "3.8.10") 
-- Found Threads: TRUE  
-- Using Python nosetests: /usr/bin/nosetests3
-- catkin 0.8.12
-- BUILD_SHARED_LIBS is on
-- Using these message generators: gencpp;geneus;genlisp;gennodejs;genpy
-- Found OpenCV: /usr (found version "4.2.0") 
-- Configuring done
-- Generating done
-- Build files have been written to: /home/Platooning-F1Tenth/build/multi_object_tracking_lidar
[35m[1mScanning dependencies of target kf_tracker[0m
[ 50%] [32mBuilding CXX object CMakeFiles/kf_tracker.dir/src/main.cpp.o[0m
[01m[K/home/Platooning-F1Tenth/src/multiple-object-tracking-lidar/src/main.cpp:[m[K In function ‘[01m[Kvoid cloud_cb(const PointCloud2ConstPtr&)[m[K’:
[01m[K/home/Platooning-F1Tenth/src/multiple-object-tracking-lidar/src/main.cpp:647:23:[m[K [01;35m[Kwarning: [m[Kstatement will never be executed [[01;35m[K-Wswitch-unreachable[m[K]
  647 |                 cout<<[01;35m[K"Inside the switch case\n"[m[K;
      |                       [01;35m[K^~~~~~~~~~~~~~~~~~~~~~~~~~[m[K
[100%] [32m[1mLinking CXX executable devel/lib/multi_object_tracking_lidar/kf_tracker[0m
[100%] Built target kf_tracker
