[0.116s] Invoking command in '/home/Platooning-F1Tenth/build/multi_object_tracking_lidar': /usr/bin/cmake /home/Platooning-F1Tenth/src/multiple-object-tracking-lidar -DCATKIN_INSTALL_INTO_PREFIX_ROOT=0 -DCMAKE_INSTALL_PREFIX=/home/Platooning-F1Tenth/install/multi_object_tracking_lidar
[1.049s] -- The C compiler identification is GNU 9.4.0
[1.522s] -- The CXX compiler identification is GNU 9.4.0
[1.543s] -- Check for working C compiler: /usr/bin/cc
[2.370s] -- Check for working C compiler: /usr/bin/cc -- works
[2.372s] -- Detecting C compiler ABI info
[3.131s] -- Detecting C compiler ABI info - done
[3.156s] -- Detecting C compile features
[3.157s] -- Detecting C compile features - done
[3.168s] -- Check for working CXX compiler: /usr/bin/c++
[3.915s] -- Check for working CXX compiler: /usr/bin/c++ -- works
[3.916s] -- Detecting CXX compiler ABI info
[4.733s] -- Detecting CXX compiler ABI info - done
[4.770s] -- Detecting CXX compile features
[4.774s] -- Detecting CXX compile features - done
[4.793s] -- Using CATKIN_DEVEL_PREFIX: /home/Platooning-F1Tenth/build/multi_object_tracking_lidar/devel
[4.798s] -- Using CMAKE_PREFIX_PATH: /opt/ros/noetic
[4.804s] -- This workspace overlays: /opt/ros/noetic
[4.917s] -- Found PythonInterp: /usr/bin/python3 (found suitable version "3.8.10", minimum required is "3") 
[4.917s] -- Using PYTHON_EXECUTABLE: /usr/bin/python3
[4.918s] -- Using Debian Python package layout
[5.042s] -- Found PY_em: /usr/lib/python3/dist-packages/em.py  
[5.044s] -- Using empy: /usr/lib/python3/dist-packages/em.py
[5.593s] -- Using CATKIN_ENABLE_TESTING: ON
[5.598s] -- Call enable_testing()
[5.627s] -- Using CATKIN_TEST_RESULTS_DIR: /home/Platooning-F1Tenth/build/multi_object_tracking_lidar/test_results
[8.780s] -- Forcing gtest/gmock from source, though one was otherwise available.
[8.782s] -- Found gtest sources under '/usr/src/googletest': gtests will be built
[8.783s] -- Found gmock sources under '/usr/src/googletest': gmock will be built
[8.923s] -- Found PythonInterp: /usr/bin/python3 (found version "3.8.10") 
[8.926s] -- Found Threads: TRUE  
[8.939s] -- Using Python nosetests: /usr/bin/nosetests3
[9.302s] -- catkin 0.8.12
[9.305s] -- BUILD_SHARED_LIBS is on
[11.584s] -- Using these message generators: gencpp;geneus;genlisp;gennodejs;genpy
[12.266s] -- Found OpenCV: /usr (found version "4.2.0") 
[12.956s] -- Configuring done
[14.269s] -- Generating done
[15.358s] -- Build files have been written to: /home/Platooning-F1Tenth/build/multi_object_tracking_lidar
[16.180s] Invoked command in '/home/Platooning-F1Tenth/build/multi_object_tracking_lidar' returned '0': /usr/bin/cmake /home/Platooning-F1Tenth/src/multiple-object-tracking-lidar -DCATKIN_INSTALL_INTO_PREFIX_ROOT=0 -DCMAKE_INSTALL_PREFIX=/home/Platooning-F1Tenth/install/multi_object_tracking_lidar
[16.196s] Invoking command in '/home/Platooning-F1Tenth/build/multi_object_tracking_lidar': /usr/bin/cmake --build /home/Platooning-F1Tenth/build/multi_object_tracking_lidar -- -j10 -l10
[17.167s] [35m[1mScanning dependencies of target kf_tracker[0m
[19.586s] [ 50%] [32mBuilding CXX object CMakeFiles/kf_tracker.dir/src/main.cpp.o[0m
[43.613s] [01m[K/home/Platooning-F1Tenth/src/multiple-object-tracking-lidar/src/main.cpp:[m[K In function ‘[01m[Kvoid cloud_cb(const PointCloud2ConstPtr&)[m[K’:
[43.614s] [01m[K/home/Platooning-F1Tenth/src/multiple-object-tracking-lidar/src/main.cpp:647:23:[m[K [01;35m[Kwarning: [m[Kstatement will never be executed [[01;35m[K-Wswitch-unreachable[m[K]
[43.614s]   647 |                 cout<<[01;35m[K"Inside the switch case\n"[m[K;
[43.614s]       |                       [01;35m[K^~~~~~~~~~~~~~~~~~~~~~~~~~[m[K
[45.023s] [100%] [32m[1mLinking CXX executable devel/lib/multi_object_tracking_lidar/kf_tracker[0m
[46.213s] [100%] Built target kf_tracker
