-- The C compiler identification is GNU 9.4.0
-- The CXX compiler identification is GNU 9.4.0
-- Check for working C compiler: /usr/bin/cc
-- Check for working C compiler: /usr/bin/cc -- works
-- Detecting C compiler ABI info
-- Detecting C compiler ABI info - done
-- Detecting C compile features
-- Detecting C compile features - done
-- Check for working CXX compiler: /usr/bin/c++
-- Check for working CXX compiler: /usr/bin/c++ -- works
-- Detecting CXX compiler ABI info
-- Detecting CXX compiler ABI info - done
-- Detecting CXX compile features
-- Detecting CXX compile features - done
-- Using CATKIN_DEVEL_PREFIX: /home/Platooning-F1Tenth/build/pure_pursuit/devel
-- Using CMAKE_PREFIX_PATH: /opt/ros/noetic
-- This workspace overlays: /opt/ros/noetic
-- Found PythonInterp: /usr/bin/python3 (found suitable version "3.8.10", minimum required is "3") 
-- Using PYTHON_EXECUTABLE: /usr/bin/python3
-- Using Debian Python package layout
-- Found PY_em: /usr/lib/python3/dist-packages/em.py  
-- Using empy: /usr/lib/python3/dist-packages/em.py
-- Using CATKIN_ENABLE_TESTING: ON
-- Call enable_testing()
-- Using CATKIN_TEST_RESULTS_DIR: /home/Platooning-F1Tenth/build/pure_pursuit/test_results
-- Forcing gtest/gmock from source, though one was otherwise available.
-- Found gtest sources under '/usr/src/googletest': gtests will be built
-- Found gmock sources under '/usr/src/googletest': gmock will be built
-- Found PythonInterp: /usr/bin/python3 (found version "3.8.10") 
-- Found Threads: TRUE  
-- Using Python nosetests: /usr/bin/nosetests3
-- catkin 0.8.12
-- BUILD_SHARED_LIBS is on
-- Configuring done
-- Generating done
-- Build files have been written to: /home/Platooning-F1Tenth/build/pure_pursuit
[35m[1mScanning dependencies of target tests[0m
Built target tests
-- Install configuration: ""
-- Installing: /home/Platooning-F1Tenth/install/pure_pursuit/lib/pkgconfig/pure_pursuit.pc
-- Installing: /home/Platooning-F1Tenth/install/pure_pursuit/share/pure_pursuit/cmake/pure_pursuitConfig.cmake
-- Installing: /home/Platooning-F1Tenth/install/pure_pursuit/share/pure_pursuit/cmake/pure_pursuitConfig-version.cmake
-- Installing: /home/Platooning-F1Tenth/install/pure_pursuit/share/pure_pursuit/package.xml
-- Installing: /home/Platooning-F1Tenth/install/pure_pursuit/lib/pure_pursuit/pure_pursuit_angle.py
-- Installing: /home/Platooning-F1Tenth/install/pure_pursuit/lib/pure_pursuit/pure_pursuit.py
-- Installing: /home/Platooning-F1Tenth/install/pure_pursuit/lib/pure_pursuit/visualize_markers.py
-- Installing: /home/Platooning-F1Tenth/install/pure_pursuit/lib/pure_pursuit/waypoint_logger_pure_pursuit.py
-- Installing: /home/Platooning-F1Tenth/install/pure_pursuit/share/pure_pursuit/launch
-- Installing: /home/Platooning-F1Tenth/install/pure_pursuit/share/pure_pursuit/launch/.pure_pursuit.launch.swp
-- Installing: /home/Platooning-F1Tenth/install/pure_pursuit/share/pure_pursuit/launch/pure_pursuit_particle_filter.launch
-- Installing: /home/Platooning-F1Tenth/install/pure_pursuit/share/pure_pursuit/launch/collect_waypoints.launch
-- Installing: /home/Platooning-F1Tenth/install/pure_pursuit/share/pure_pursuit/launch/pure_pursuit.launch
-- Installing: /home/Platooning-F1Tenth/install/pure_pursuit/share/pure_pursuit/maps
-- Installing: /home/Platooning-F1Tenth/install/pure_pursuit/share/pure_pursuit/maps/levine.yaml
-- Installing: /home/Platooning-F1Tenth/install/pure_pursuit/share/pure_pursuit/maps/track_2.pgm
-- Installing: /home/Platooning-F1Tenth/install/pure_pursuit/share/pure_pursuit/maps/track_2.yaml
-- Installing: /home/Platooning-F1Tenth/install/pure_pursuit/share/pure_pursuit/maps/levine.pgm
-- Installing: /home/Platooning-F1Tenth/install/pure_pursuit/share/pure_pursuit/rviz_cfg
-- Installing: /home/Platooning-F1Tenth/install/pure_pursuit/share/pure_pursuit/rviz_cfg/pure_pursuit.rviz
-- Installing: /home/Platooning-F1Tenth/install/pure_pursuit/share/pure_pursuit/waypoints
-- Installing: /home/Platooning-F1Tenth/install/pure_pursuit/share/pure_pursuit/waypoints/levine-waypoints.csv
-- Installing: /home/Platooning-F1Tenth/install/pure_pursuit/share/pure_pursuit/waypoints/track_porto_26780.csv
-- Installing: /home/Platooning-F1Tenth/install/pure_pursuit/share/pure_pursuit/waypoints/.waypoints.csv.swp
-- Installing: /home/Platooning-F1Tenth/install/pure_pursuit/share/pure_pursuit/waypoints/racecar_tunnel_26520.csv
-- Installing: /home/Platooning-F1Tenth/install/pure_pursuit/share/pure_pursuit/waypoints/levine-waypoints4.csv
-- Installing: /home/Platooning-F1Tenth/install/pure_pursuit/share/pure_pursuit/waypoints/racecar_walker_28998.csv
-- Installing: /home/Platooning-F1Tenth/install/pure_pursuit/share/pure_pursuit/waypoints/levine-waypoints3.csv
-- Installing: /home/Platooning-F1Tenth/install/pure_pursuit/share/pure_pursuit/waypoints/levine-waypoints2.csv
-- Installing: /home/Platooning-F1Tenth/install/pure_pursuit/share/pure_pursuit/waypoints/porto_waypoints.csv
-- Installing: /home/Platooning-F1Tenth/install/pure_pursuit/share/pure_pursuit/waypoints/track_barca_47396.csv
-- Installing: /home/Platooning-F1Tenth/install/pure_pursuit/share/pure_pursuit/waypoints/racecar_walker_29418.csv
-- Installing: /home/Platooning-F1Tenth/install/pure_pursuit/share/pure_pursuit/waypoints/track_barca_4676.csv
