[0.281s] Invoking command in '/home/Platooning-F1Tenth/build/rtreach': /usr/bin/cmake /home/Platooning-F1Tenth/src/rtreach -DCATKIN_INSTALL_INTO_PREFIX_ROOT=0 -DCMAKE_INSTALL_PREFIX=/home/Platooning-F1Tenth/install/rtreach
[14.967s] -- The C compiler identification is GNU 9.4.0
[14.968s] -- The CXX compiler identification is GNU 9.4.0
[14.973s] -- Check for working C compiler: /usr/bin/cc
[14.988s] -- Check for working C compiler: /usr/bin/cc -- works
[15.001s] -- Detecting C compiler ABI info
[15.008s] -- Detecting C compiler ABI info - done
[15.049s] -- Detecting C compile features
[15.066s] -- Detecting C compile features - done
[15.068s] -- Check for working CXX compiler: /usr/bin/c++
[15.069s] -- Check for working CXX compiler: /usr/bin/c++ -- works
[15.084s] -- Detecting CXX compiler ABI info
[15.097s] -- Detecting CXX compiler ABI info - done
[15.116s] -- Detecting CXX compile features
[15.133s] -- Detecting CXX compile features - done
[15.142s] -- Using CATKIN_DEVEL_PREFIX: /home/Platooning-F1Tenth/build/rtreach/devel
[15.159s] -- Using CMAKE_PREFIX_PATH: /opt/ros/noetic
[15.168s] -- This workspace overlays: /opt/ros/noetic
[15.186s] -- Found PythonInterp: /usr/bin/python3 (found suitable version "3.8.10", minimum required is "3") 
[15.198s] -- Using PYTHON_EXECUTABLE: /usr/bin/python3
[15.214s] -- Using Debian Python package layout
[15.225s] -- Found PY_em: /usr/lib/python3/dist-packages/em.py  
[15.238s] -- Using empy: /usr/lib/python3/dist-packages/em.py
[15.239s] -- Using CATKIN_ENABLE_TESTING: ON
[15.254s] -- Call enable_testing()
[15.265s] -- Using CATKIN_TEST_RESULTS_DIR: /home/Platooning-F1Tenth/build/rtreach/test_results
[19.504s] -- Forcing gtest/gmock from source, though one was otherwise available.
[19.505s] -- Found gtest sources under '/usr/src/googletest': gtests will be built
[19.506s] -- Found gmock sources under '/usr/src/googletest': gmock will be built
[19.618s] -- Found PythonInterp: /usr/bin/python3 (found version "3.8.10") 
[19.621s] -- Found Threads: TRUE  
[19.625s] -- Using Python nosetests: /usr/bin/nosetests3
[19.835s] -- catkin 0.8.12
[19.836s] -- BUILD_SHARED_LIBS is on
[21.017s] WARNING: package 'gazebo_ros' is deprecated (This package has been deprecated as of January 2025 with Gazebo classic 11 reaching
[21.019s]       end-of-life. Users are highly encouraged to migrate to the new Gazebo
[21.020s]       using our migration guides (https://gazebosim.org/docs/latest/gazebo_classic_migration))
[21.251s] -- Using these message generators: gencpp;geneus;genlisp;gennodejs;genpy
[21.337s] WARNING: package 'gazebo_msgs' is deprecated (This package has been deprecated as of January 2025 with Gazebo classic 11 reaching
[21.338s]       end-of-life. Users are highly encouraged to migrate to the new Gazebo
[21.339s]       using our migration guides (https://gazebosim.org/docs/latest/gazebo_classic_migration))
[22.285s] -- rtreach: 6 messages, 0 services
[23.275s] -- Configuring done
[24.429s] -- Generating done
[24.747s] -- Build files have been written to: /home/Platooning-F1Tenth/build/rtreach
