-- The C compiler identification is GNU 9.4.0
-- The CXX compiler identification is GNU 9.4.0
-- Check for working C compiler: /usr/bin/cc
-- Check for working C compiler: /usr/bin/cc -- works
-- Detecting C compiler ABI info
-- Detecting C compiler ABI info - done
-- Detecting C compile features
-- Detecting C compile features - done
-- Check for working CXX compiler: /usr/bin/c++
-- Check for working CXX compiler: /usr/bin/c++ -- works
-- Detecting CXX compiler ABI info
-- Detecting CXX compiler ABI info - done
-- Detecting CXX compile features
-- Detecting CXX compile features - done
-- Using CATKIN_DEVEL_PREFIX: /home/Platooning-F1Tenth/build/racecar_control/devel
-- Using CMAKE_PREFIX_PATH: /opt/ros/noetic
-- This workspace overlays: /opt/ros/noetic
-- Found PythonInterp: /usr/bin/python3 (found suitable version "3.8.10", minimum required is "3") 
-- Using PYTHON_EXECUTABLE: /usr/bin/python3
-- Using Debian Python package layout
-- Found PY_em: /usr/lib/python3/dist-packages/em.py  
-- Using empy: /usr/lib/python3/dist-packages/em.py
-- Using CATKIN_ENABLE_TESTING: ON
-- Call enable_testing()
-- Using CATKIN_TEST_RESULTS_DIR: /home/Platooning-F1Tenth/build/racecar_control/test_results
-- Forcing gtest/gmock from source, though one was otherwise available.
-- Found gtest sources under '/usr/src/googletest': gtests will be built
-- Found gmock sources under '/usr/src/googletest': gmock will be built
-- Found PythonInterp: /usr/bin/python3 (found version "3.8.10") 
-- Found Threads: TRUE  
-- Using Python nosetests: /usr/bin/nosetests3
-- catkin 0.8.12
-- BUILD_SHARED_LIBS is on
-- Configuring done
-- Generating done
-- Build files have been written to: /home/Platooning-F1Tenth/build/racecar_control
[35m[1mScanning dependencies of target tests[0m
Built target tests
-- Install configuration: ""
-- Installing: /home/Platooning-F1Tenth/install/racecar_control/lib/pkgconfig/racecar_control.pc
-- Installing: /home/Platooning-F1Tenth/install/racecar_control/share/racecar_control/cmake/racecar_controlConfig.cmake
-- Installing: /home/Platooning-F1Tenth/install/racecar_control/share/racecar_control/cmake/racecar_controlConfig-version.cmake
-- Installing: /home/Platooning-F1Tenth/install/racecar_control/share/racecar_control/package.xml
-- Installing: /home/Platooning-F1Tenth/install/racecar_control/lib/racecar_control/keyboard_teleop.py
-- Installing: /home/Platooning-F1Tenth/install/racecar_control/lib/racecar_control/servo_commands_gen.py
-- Installing: /home/Platooning-F1Tenth/install/racecar_control/lib/racecar_control/servo_commands.py
-- Installing: /home/Platooning-F1Tenth/install/racecar_control/share/racecar_control/config
-- Installing: /home/Platooning-F1Tenth/install/racecar_control/share/racecar_control/config/racecar_control2.yaml
-- Installing: /home/Platooning-F1Tenth/install/racecar_control/share/racecar_control/config/racecar_control3.yaml
-- Installing: /home/Platooning-F1Tenth/install/racecar_control/share/racecar_control/config/racecar_control_gen.yaml
-- Installing: /home/Platooning-F1Tenth/install/racecar_control/share/racecar_control/config/racecar_control.yaml
-- Installing: /home/Platooning-F1Tenth/install/racecar_control/share/racecar_control/launch
-- Installing: /home/Platooning-F1Tenth/install/racecar_control/share/racecar_control/launch/teleop.launch
-- Installing: /home/Platooning-F1Tenth/install/racecar_control/share/racecar_control/launch/racecar_control.launch
-- Installing: /home/Platooning-F1Tenth/install/racecar_control/share/racecar_control/launch/gazebo_sim_joy.launch
